ðŸŒŸ This was machine generated.  Do not edit. ðŸŒŸ

Frame[0] 
Name: TestToDataFrameSlices/deep-object-array-with-nulls.json
Dimensions: 6 Fields by 2 Rows
+------------------+------------------+-----------------+-----------------------------------------+-----------------+-----------------+
| Name: age        | Name: bar        | Name: foo       | Name: full_name                         | Name: hobbies   | Name: name      |
| Labels:          | Labels:          | Labels:         | Labels:                                 | Labels:         | Labels:         |
| Type: []*float64 | Type: []*float64 | Type: []*string | Type: []*string                         | Type: []*string | Type: []*string |
+------------------+------------------+-----------------+-----------------------------------------+-----------------+-----------------+
| 12               | null             | null            | {"first":"foo_first","last":"foo_last"} | ["one","two"]   | foo             |
| 21.12            | 23               | null            | {"first":"bar_first","last":"bar_last"} | ["three"]       | bar             |
+------------------+------------------+-----------------+-----------------------------------------+-----------------+-----------------+


====== TEST DATA RESPONSE (arrow base64) ======
FRAME=QVJST1cxAAD/////AAMAABAAAAAAAAoADgAMAAsABAAKAAAAFAAAAAAAAAEEAAoADAAAAAgABAAKAAAACAAAAIQAAAACAAAAKAAAAAQAAACE/f//CAAAAAwAAAAAAAAAAAAAAAUAAAByZWZJZAAAAKT9//8IAAAAQAAAADcAAABUZXN0VG9EYXRhRnJhbWVTbGljZXMvZGVlcC1vYmplY3QtYXJyYXktd2l0aC1udWxscy5qc29uAAQAAABuYW1lAAAAAAYAAADkAQAAeAEAACABAAC8AAAAYAAAAAQAAABG/v//FAAAADwAAAA8AAAAAAAFATgAAAABAAAABAAAADT+//8IAAAAEAAAAAQAAABuYW1lAAAAAAQAAABuYW1lAAAAAAAAAAD0/v//BAAAAG5hbWUAAAAAnv7//xQAAAA8AAAAPAAAAAAABQE4AAAAAQAAAAQAAACM/v//CAAAABAAAAAHAAAAaG9iYmllcwAEAAAAbmFtZQAAAAAAAAAATP///wcAAABob2JiaWVzAPb+//8UAAAAQAAAAEAAAAAAAAUBPAAAAAEAAAAEAAAA5P7//wgAAAAUAAAACQAAAGZ1bGxfbmFtZQAAAAQAAABuYW1lAAAAAAAAAACo////CQAAAGZ1bGxfbmFtZQAAAFb///8UAAAAOAAAADwAAAAAAAUBOAAAAAEAAAAEAAAARP///wgAAAAMAAAAAwAAAGZvbwAEAAAAbmFtZQAAAAAAAAAABAAEAAQAAAADAAAAZm9vAKr///8UAAAAOAAAADgAAAAAAAMBOAAAAAEAAAAEAAAAmP///wgAAAAMAAAAAwAAAGJhcgAEAAAAbmFtZQAAAAAAAAAAjv///wAAAgADAAAAYmFyAAAAEgAYABQAEwASAAwAAAAIAAQAEgAAABQAAABAAAAASAAAAAAAAwFIAAAAAQAAAAwAAAAIAAwACAAEAAgAAAAIAAAADAAAAAMAAABhZ2UABAAAAG5hbWUAAAAAAAAAAAAABgAIAAYABgAAAAAAAgADAAAAYWdlAP////+4AQAAFAAAAAAAAAAMABYAFAATAAwABAAMAAAA4AAAAAAAAAAUAAAAAAAAAwQACgAYAAwACAAEAAoAAAAUAAAAGAEAAAIAAAAAAAAAAAAAABAAAAAAAAAAAAAAAAAAAAAAAAAAAAAAAAAAAAAQAAAAAAAAABAAAAAAAAAABAAAAAAAAAAYAAAAAAAAABAAAAAAAAAAKAAAAAAAAAABAAAAAAAAADAAAAAAAAAADAAAAAAAAABAAAAAAAAAAAAAAAAAAAAAQAAAAAAAAAAAAAAAAAAAAEAAAAAAAAAADAAAAAAAAABQAAAAAAAAAE4AAAAAAAAAoAAAAAAAAAAAAAAAAAAAAKAAAAAAAAAADAAAAAAAAACwAAAAAAAAABYAAAAAAAAAyAAAAAAAAAAAAAAAAAAAAMgAAAAAAAAADAAAAAAAAADYAAAAAAAAAAYAAAAAAAAAAAAAAAYAAAACAAAAAAAAAAAAAAAAAAAAAgAAAAAAAAABAAAAAAAAAAIAAAAAAAAAAgAAAAAAAAACAAAAAAAAAAAAAAAAAAAAAgAAAAAAAAAAAAAAAAAAAAIAAAAAAAAAAAAAAAAAAAAAAAAAAAAoQB+F61G4HjVAAgAAAAAAAAAAAAAAAAAAAAAAAAAAADdAAAAAAAAAAAAAAAAAAAAAAAAAAAAAAAAAAAAAACcAAABOAAAAAAAAAHsiZmlyc3QiOiJmb29fZmlyc3QiLCJsYXN0IjoiZm9vX2xhc3QifXsiZmlyc3QiOiJiYXJfZmlyc3QiLCJsYXN0IjoiYmFyX2xhc3QifQAAAAAAAA0AAAAWAAAAAAAAAFsib25lIiwidHdvIl1bInRocmVlIl0AAAAAAAADAAAABgAAAAAAAABmb29iYXIAABAAAAAMABQAEgAMAAgABAAMAAAAEAAAACwAAAA8AAAAAAAEAAEAAAAQAwAAAAAAAMABAAAAAAAA4AAAAAAAAAAAAAAAAAAAAAAAAAAAAAoADAAAAAgABAAKAAAACAAAAIQAAAACAAAAKAAAAAQAAACE/f//CAAAAAwAAAAAAAAAAAAAAAUAAAByZWZJZAAAAKT9//8IAAAAQAAAADcAAABUZXN0VG9EYXRhRnJhbWVTbGljZXMvZGVlcC1vYmplY3QtYXJyYXktd2l0aC1udWxscy5qc29uAAQAAABuYW1lAAAAAAYAAADkAQAAeAEAACABAAC8AAAAYAAAAAQAAABG/v//FAAAADwAAAA8AAAAAAAFATgAAAABAAAABAAAADT+//8IAAAAEAAAAAQAAABuYW1lAAAAAAQAAABuYW1lAAAAAAAAAAD0/v//BAAAAG5hbWUAAAAAnv7//xQAAAA8AAAAPAAAAAAABQE4AAAAAQAAAAQAAACM/v//CAAAABAAAAAHAAAAaG9iYmllcwAEAAAAbmFtZQAAAAAAAAAATP///wcAAABob2JiaWVzAPb+//8UAAAAQAAAAEAAAAAAAAUBPAAAAAEAAAAEAAAA5P7//wgAAAAUAAAACQAAAGZ1bGxfbmFtZQAAAAQAAABuYW1lAAAAAAAAAACo////CQAAAGZ1bGxfbmFtZQAAAFb///8UAAAAOAAAADwAAAAAAAUBOAAAAAEAAAAEAAAARP///wgAAAAMAAAAAwAAAGZvbwAEAAAAbmFtZQAAAAAAAAAABAAEAAQAAAADAAAAZm9vAKr///8UAAAAOAAAADgAAAAAAAMBOAAAAAEAAAAEAAAAmP///wgAAAAMAAAAAwAAAGJhcgAEAAAAbmFtZQAAAAAAAAAAjv///wAAAgADAAAAYmFyAAAAEgAYABQAEwASAAwAAAAIAAQAEgAAABQAAABAAAAASAAAAAAAAwFIAAAAAQAAAAwAAAAIAAwACAAEAAgAAAAIAAAADAAAAAMAAABhZ2UABAAAAG5hbWUAAAAAAAAAAAAABgAIAAYABgAAAAAAAgADAAAAYWdlADADAABBUlJPVzE=
