ðŸŒŸ This was machine generated.  Do not edit. ðŸŒŸ

Frame[0] 
Name: TestToDataFrameSlices/deep-object-array.json
Dimensions: 4 Fields by 2 Rows
+------------------+-----------------------------------------+-----------------+-----------------+
| Name: age        | Name: full_name                         | Name: hobbies   | Name: name      |
| Labels:          | Labels:                                 | Labels:         | Labels:         |
| Type: []*float64 | Type: []*string                         | Type: []*string | Type: []*string |
+------------------+-----------------------------------------+-----------------+-----------------+
| 12               | {"first":"foo_first","last":"foo_last"} | ["one","two"]   | foo             |
| 21.12            | {"first":"bar_first","last":"bar_last"} | ["three"]       | bar             |
+------------------+-----------------------------------------+-----------------+-----------------+


====== TEST DATA RESPONSE (arrow base64) ======
FRAME=QVJST1cxAAD/////SAIAABAAAAAAAAoADgAMAAsABAAKAAAAFAAAAAAAAAEEAAoADAAAAAgABAAKAAAACAAAAHwAAAACAAAAKAAAAAQAAAA8/v//CAAAAAwAAAAAAAAAAAAAAAUAAAByZWZJZAAAAFz+//8IAAAAOAAAACwAAABUZXN0VG9EYXRhRnJhbWVTbGljZXMvZGVlcC1vYmplY3QtYXJyYXkuanNvbgAAAAAEAAAAbmFtZQAAAAAEAAAANAEAALwAAABgAAAABAAAAO7+//8UAAAAPAAAADwAAAAAAAUBOAAAAAEAAAAEAAAA3P7//wgAAAAQAAAABAAAAG5hbWUAAAAABAAAAG5hbWUAAAAAAAAAAEz///8EAAAAbmFtZQAAAABG////FAAAADwAAAA8AAAAAAAFATgAAAABAAAABAAAADT///8IAAAAEAAAAAcAAABob2JiaWVzAAQAAABuYW1lAAAAAAAAAACk////BwAAAGhvYmJpZXMAnv///xQAAABAAAAARAAAAAAABQFAAAAAAQAAAAQAAACM////CAAAABQAAAAJAAAAZnVsbF9uYW1lAAAABAAAAG5hbWUAAAAAAAAAAAQABAAEAAAACQAAAGZ1bGxfbmFtZQASABgAFAATABIADAAAAAgABAASAAAAFAAAAEAAAABIAAAAAAADAUgAAAABAAAADAAAAAgADAAIAAQACAAAAAgAAAAMAAAAAwAAAGFnZQAEAAAAbmFtZQAAAAAAAAAAAAAGAAgABgAGAAAAAAACAAMAAABhZ2UA/////0gBAAAUAAAAAAAAAAwAFgAUABMADAAEAAwAAACwAAAAAAAAABQAAAAAAAADBAAKABgADAAIAAQACgAAABQAAADIAAAAAgAAAAAAAAAAAAAACwAAAAAAAAAAAAAAAAAAAAAAAAAAAAAAAAAAABAAAAAAAAAAEAAAAAAAAAAAAAAAAAAAABAAAAAAAAAADAAAAAAAAAAgAAAAAAAAAE4AAAAAAAAAcAAAAAAAAAAAAAAAAAAAAHAAAAAAAAAADAAAAAAAAACAAAAAAAAAABYAAAAAAAAAmAAAAAAAAAAAAAAAAAAAAJgAAAAAAAAADAAAAAAAAACoAAAAAAAAAAYAAAAAAAAAAAAAAAQAAAACAAAAAAAAAAAAAAAAAAAAAgAAAAAAAAAAAAAAAAAAAAIAAAAAAAAAAAAAAAAAAAACAAAAAAAAAAAAAAAAAAAAAAAAAAAAKEAfhetRuB41QAAAAAAnAAAATgAAAAAAAAB7ImZpcnN0IjoiZm9vX2ZpcnN0IiwibGFzdCI6ImZvb19sYXN0In17ImZpcnN0IjoiYmFyX2ZpcnN0IiwibGFzdCI6ImJhcl9sYXN0In0AAAAAAAANAAAAFgAAAAAAAABbIm9uZSIsInR3byJdWyJ0aHJlZSJdAAAAAAAAAwAAAAYAAAAAAAAAZm9vYmFyAAAQAAAADAAUABIADAAIAAQADAAAABAAAAAsAAAAPAAAAAAABAABAAAAWAIAAAAAAABQAQAAAAAAALAAAAAAAAAAAAAAAAAAAAAAAAAAAAAKAAwAAAAIAAQACgAAAAgAAAB8AAAAAgAAACgAAAAEAAAAPP7//wgAAAAMAAAAAAAAAAAAAAAFAAAAcmVmSWQAAABc/v//CAAAADgAAAAsAAAAVGVzdFRvRGF0YUZyYW1lU2xpY2VzL2RlZXAtb2JqZWN0LWFycmF5Lmpzb24AAAAABAAAAG5hbWUAAAAABAAAADQBAAC8AAAAYAAAAAQAAADu/v//FAAAADwAAAA8AAAAAAAFATgAAAABAAAABAAAANz+//8IAAAAEAAAAAQAAABuYW1lAAAAAAQAAABuYW1lAAAAAAAAAABM////BAAAAG5hbWUAAAAARv///xQAAAA8AAAAPAAAAAAABQE4AAAAAQAAAAQAAAA0////CAAAABAAAAAHAAAAaG9iYmllcwAEAAAAbmFtZQAAAAAAAAAApP///wcAAABob2JiaWVzAJ7///8UAAAAQAAAAEQAAAAAAAUBQAAAAAEAAAAEAAAAjP///wgAAAAUAAAACQAAAGZ1bGxfbmFtZQAAAAQAAABuYW1lAAAAAAAAAAAEAAQABAAAAAkAAABmdWxsX25hbWUAEgAYABQAEwASAAwAAAAIAAQAEgAAABQAAABAAAAASAAAAAAAAwFIAAAAAQAAAAwAAAAIAAwACAAEAAgAAAAIAAAADAAAAAMAAABhZ2UABAAAAG5hbWUAAAAAAAAAAAAABgAIAAYABgAAAAAAAgADAAAAYWdlAHgCAABBUlJPVzE=
