ðŸŒŸ This was machine generated.  Do not edit. ðŸŒŸ

Frame[0] 
Name: TestToDataFrameSlices/object-array.json
Dimensions: 2 Fields by 2 Rows
+------------------+-----------------+
| Name: age        | Name: name      |
| Labels:          | Labels:         |
| Type: []*float64 | Type: []*string |
+------------------+-----------------+
| 12               | foo             |
| 21.12            | bar             |
+------------------+-----------------+


====== TEST DATA RESPONSE (arrow base64) ======
FRAME=QVJST1cxAAD/////gAEAABAAAAAAAAoADgAMAAsABAAKAAAAFAAAAAAAAAEEAAoADAAAAAgABAAKAAAACAAAAHQAAAACAAAAKAAAAAQAAAAE////CAAAAAwAAAAAAAAAAAAAAAUAAAByZWZJZAAAACT///8IAAAAMAAAACcAAABUZXN0VG9EYXRhRnJhbWVTbGljZXMvb2JqZWN0LWFycmF5Lmpzb24ABAAAAG5hbWUAAAAAAgAAAHQAAAAEAAAApv///xQAAAA8AAAAQAAAAAAABQE8AAAAAQAAAAQAAACU////CAAAABAAAAAEAAAAbmFtZQAAAAAEAAAAbmFtZQAAAAAAAAAABAAEAAQAAAAEAAAAbmFtZQAAEgAYABQAEwASAAwAAAAIAAQAEgAAABQAAABAAAAASAAAAAAAAwFIAAAAAQAAAAwAAAAIAAwACAAEAAgAAAAIAAAADAAAAAMAAABhZ2UABAAAAG5hbWUAAAAAAAAAAAAABgAIAAYABgAAAAAAAgADAAAAYWdlAP/////IAAAAFAAAAAAAAAAMABYAFAATAAwABAAMAAAAKAAAAAAAAAAUAAAAAAAAAwQACgAYAAwACAAEAAoAAAAUAAAAaAAAAAIAAAAAAAAAAAAAAAUAAAAAAAAAAAAAAAAAAAAAAAAAAAAAAAAAAAAQAAAAAAAAABAAAAAAAAAAAAAAAAAAAAAQAAAAAAAAAAwAAAAAAAAAIAAAAAAAAAAGAAAAAAAAAAAAAAACAAAAAgAAAAAAAAAAAAAAAAAAAAIAAAAAAAAAAAAAAAAAAAAAAAAAAAAoQB+F61G4HjVAAAAAAAMAAAAGAAAAAAAAAGZvb2JhcgAAEAAAAAwAFAASAAwACAAEAAwAAAAQAAAALAAAADwAAAAAAAQAAQAAAJABAAAAAAAA0AAAAAAAAAAoAAAAAAAAAAAAAAAAAAAAAAAAAAAACgAMAAAACAAEAAoAAAAIAAAAdAAAAAIAAAAoAAAABAAAAAT///8IAAAADAAAAAAAAAAAAAAABQAAAHJlZklkAAAAJP///wgAAAAwAAAAJwAAAFRlc3RUb0RhdGFGcmFtZVNsaWNlcy9vYmplY3QtYXJyYXkuanNvbgAEAAAAbmFtZQAAAAACAAAAdAAAAAQAAACm////FAAAADwAAABAAAAAAAAFATwAAAABAAAABAAAAJT///8IAAAAEAAAAAQAAABuYW1lAAAAAAQAAABuYW1lAAAAAAAAAAAEAAQABAAAAAQAAABuYW1lAAASABgAFAATABIADAAAAAgABAASAAAAFAAAAEAAAABIAAAAAAADAUgAAAABAAAADAAAAAgADAAIAAQACAAAAAgAAAAMAAAAAwAAAGFnZQAEAAAAbmFtZQAAAAAAAAAAAAAGAAgABgAGAAAAAAACAAMAAABhZ2UAsAEAAEFSUk9XMQ==
